src/modules/admin/cash/CashShiftHistoryPage.tsx(1,8): error TS6133: 'React' is declared but its value is never read.
src/modules/admin/pages/ClientsPage.tsx(2,51): error TS6133: 'Trash2' is declared but its value is never read.
src/modules/admin/pages/ModifiersPage.tsx(2,52): error TS6133: 'ModifierOption' is declared but its value is never read.
src/modules/admin/pages/ModifiersPage.tsx(4,29): error TS6133: 'Save' is declared but its value is never read.
src/modules/admin/pages/ModifiersPage.tsx(4,35): error TS6133: 'X' is declared but its value is never read.
src/modules/admin/pages/PurchaseOrdersPage.tsx(2,63): error TS6133: 'Eye' is declared but its value is never read.
src/modules/admin/pages/PurchaseOrdersPage.tsx(3,65): error TS6133: 'CreatePurchaseOrderData' is declared but its value is never read.
src/modules/admin/products/components/ProductForm.tsx(6,19): error TS6133: 'Plus' is declared but its value is never read.
src/modules/kitchen/components/KitchenTimer.tsx(9,72): error TS6133: 'expectedPrepTime' is declared but its value is never read.
src/modules/orders/pos/components/CheckoutModal.tsx(43,10): error TS6133: 'loadingTotal' is declared but its value is never read.
src/modules/orders/pos/components/ClientLookup.tsx(15,12): error TS6133: 'loading' is declared but its value is never read.
